/home/divcesar/Workspace/llvm-3.9.0.build//bin/opt: .ll: error: Could not open input file: No such file or directory
/home/divcesar/Workspace/llvm-3.9.0.build//bin/opt: .ll: error: Could not open input file: No such file or directory
